
Memory Configuration

Name             Origin             Length             Attributes
FLASH            0x0000000008000000 0x0000000000020000 xr
SRAM             0x0000000020000000 0x0000000000005000 xrw
*default*        0x0000000000000000 0xffffffffffffffff

Linker script and memory map


.text           0x0000000008000000      0x127
 *(.vectors*)
 .vectors       0x0000000008000000       0x1c startup.o
                0x0000000008000000                vectors
 *(.text*)
 .text          0x000000000800001c       0x78 main.o
                0x000000000800001c                main
 .text          0x0000000008000094       0x90 startup.o
                0x0000000008000094                H_Fault_Handler
                0x0000000008000094                MM_Fault_Handler
                0x0000000008000094                Usage_Fault_Handler
                0x0000000008000094                Bus_Fault
                0x0000000008000094                Default_Handler
                0x0000000008000094                NMI_Handler
                0x00000000080000a0                Reset_Handler
 *(.rodata)
 .rodata        0x0000000008000124        0x3 main.o
                0x0000000008000124                const_variables
                0x0000000008000127                _E_text = .

.glue_7         0x0000000008000128        0x0
 .glue_7        0x0000000008000128        0x0 linker stubs

.glue_7t        0x0000000008000128        0x0
 .glue_7t       0x0000000008000128        0x0 linker stubs

.vfp11_veneer   0x0000000008000128        0x0
 .vfp11_veneer  0x0000000008000128        0x0 linker stubs

.v4_bx          0x0000000008000128        0x0
 .v4_bx         0x0000000008000128        0x0 linker stubs

.iplt           0x0000000008000128        0x0
 .iplt          0x0000000008000128        0x0 main.o

.rel.dyn        0x0000000008000128        0x0
 .rel.iplt      0x0000000008000128        0x0 main.o

.data           0x0000000020000000        0x8 load address 0x0000000008000127
                0x0000000020000000                _S_Data = .
 *(.data)
 .data          0x0000000020000000        0x7 main.o
                0x0000000020000000                R_ODR
                0x0000000020000004                g_variables
 .data          0x0000000020000007        0x0 startup.o
                0x0000000020000007                _E_Data = .
                0x0000000020000008                . = ALIGN (0x4)
 *fill*         0x0000000020000007        0x1 

.igot.plt       0x0000000020000008        0x0 load address 0x000000000800012f
 .igot.plt      0x0000000020000008        0x0 main.o

.bss            0x0000000020000008     0x1000 load address 0x000000000800012f
                0x0000000020000008                _S_Bss = .
 *(.bss)
 .bss           0x0000000020000008        0x0 main.o
 .bss           0x0000000020000008        0x0 startup.o
                0x0000000020000008                _E_Bss = .
                0x0000000020000008                . = ALIGN (0x4)
                0x0000000020001008                . = (. + 0x1000)
 *fill*         0x0000000020000008     0x1000 
                0x0000000020001008                _Stak_Top = .
LOAD main.o
LOAD startup.o
OUTPUT(unt6_lsn4_lab1.elf elf32-littlearm)

.comment        0x0000000000000000       0x7b
 .comment       0x0000000000000000       0x7b main.o
                                         0x7c (size before relaxing)
 .comment       0x000000000000007b       0x7c startup.o

.ARM.attributes
                0x0000000000000000       0x33
 .ARM.attributes
                0x0000000000000000       0x33 main.o
 .ARM.attributes
                0x0000000000000033       0x33 startup.o
