Stm32_F103C6_EXTI_driver.c:38:6:Enable_NVIC	16	static
Stm32_F103C6_EXTI_driver.c:73:6:Disable_NVIC	16	static
Stm32_F103C6_EXTI_driver.c:125:6:Update_EXTI	24	static
Stm32_F103C6_EXTI_driver.c:209:6:MCAL_EXTI_GPIO_INIT	16	static
Stm32_F103C6_EXTI_driver.c:225:6:MCAL_EXTI_GPIO_DEINIT	4	static
Stm32_F103C6_EXTI_driver.c:250:6:MCAL_EXTI_GPIO_UPDATE	16	static
Stm32_F103C6_EXTI_driver.c:269:6:EXTI0_IRQHandler	8	static
Stm32_F103C6_EXTI_driver.c:277:6:EXTI1_IRQHandler	8	static
Stm32_F103C6_EXTI_driver.c:284:6:EXTI2_IRQHandler	8	static
Stm32_F103C6_EXTI_driver.c:291:6:EXTI3_IRQHandler	8	static
Stm32_F103C6_EXTI_driver.c:300:6:EXTI4_IRQHandler	8	static
Stm32_F103C6_EXTI_driver.c:309:6:EXTI9_5_IRQHandler	8	static
Stm32_F103C6_EXTI_driver.c:320:6:EXTI15_10_IRQHandler	8	static
